mode: atomic
github.com/understory-io/terraform-provider-shiitake/gen/shiitake/v1/schedule.pb.go:42.29,47.2 4 0
github.com/understory-io/terraform-provider-shiitake/gen/shiitake/v1/schedule.pb.go:49.37,51.2 1 0
github.com/understory-io/terraform-provider-shiitake/gen/shiitake/v1/schedule.pb.go:53.35,53.36 0 0
github.com/understory-io/terraform-provider-shiitake/gen/shiitake/v1/schedule.pb.go:55.57,57.14 2 0
github.com/understory-io/terraform-provider-shiitake/gen/shiitake/v1/schedule.pb.go:57.14,59.34 2 0
github.com/understory-io/terraform-provider-shiitake/gen/shiitake/v1/schedule.pb.go:59.34,61.4 1 0
github.com/understory-io/terraform-provider-shiitake/gen/shiitake/v1/schedule.pb.go:62.3,62.12 1 0
github.com/understory-io/terraform-provider-shiitake/gen/shiitake/v1/schedule.pb.go:64.2,64.24 1 0
github.com/understory-io/terraform-provider-shiitake/gen/shiitake/v1/schedule.pb.go:68.48,70.2 1 0
github.com/understory-io/terraform-provider-shiitake/gen/shiitake/v1/schedule.pb.go:72.41,73.14 1 0
github.com/understory-io/terraform-provider-shiitake/gen/shiitake/v1/schedule.pb.go:73.14,75.3 1 0
github.com/understory-io/terraform-provider-shiitake/gen/shiitake/v1/schedule.pb.go:76.2,76.11 1 0
github.com/understory-io/terraform-provider-shiitake/gen/shiitake/v1/schedule.pb.go:79.40,80.14 1 0
github.com/understory-io/terraform-provider-shiitake/gen/shiitake/v1/schedule.pb.go:80.14,82.3 1 0
github.com/understory-io/terraform-provider-shiitake/gen/shiitake/v1/schedule.pb.go:83.2,83.11 1 0
github.com/understory-io/terraform-provider-shiitake/gen/shiitake/v1/schedule.pb.go:86.38,87.14 1 0
github.com/understory-io/terraform-provider-shiitake/gen/shiitake/v1/schedule.pb.go:87.14,89.3 1 0
github.com/understory-io/terraform-provider-shiitake/gen/shiitake/v1/schedule.pb.go:90.2,90.11 1 0
github.com/understory-io/terraform-provider-shiitake/gen/shiitake/v1/schedule.pb.go:93.39,94.14 1 0
github.com/understory-io/terraform-provider-shiitake/gen/shiitake/v1/schedule.pb.go:94.14,96.3 1 0
github.com/understory-io/terraform-provider-shiitake/gen/shiitake/v1/schedule.pb.go:97.2,97.11 1 0
github.com/understory-io/terraform-provider-shiitake/gen/shiitake/v1/schedule.pb.go:100.42,101.14 1 0
github.com/understory-io/terraform-provider-shiitake/gen/shiitake/v1/schedule.pb.go:101.14,103.3 1 0
github.com/understory-io/terraform-provider-shiitake/gen/shiitake/v1/schedule.pb.go:104.2,104.11 1 0
github.com/understory-io/terraform-provider-shiitake/gen/shiitake/v1/schedule.pb.go:107.37,108.14 1 0
github.com/understory-io/terraform-provider-shiitake/gen/shiitake/v1/schedule.pb.go:108.14,110.3 1 0
github.com/understory-io/terraform-provider-shiitake/gen/shiitake/v1/schedule.pb.go:111.2,111.11 1 0
github.com/understory-io/terraform-provider-shiitake/gen/shiitake/v1/schedule.pb.go:114.37,115.14 1 0
github.com/understory-io/terraform-provider-shiitake/gen/shiitake/v1/schedule.pb.go:115.14,117.3 1 0
github.com/understory-io/terraform-provider-shiitake/gen/shiitake/v1/schedule.pb.go:118.2,118.11 1 0
github.com/understory-io/terraform-provider-shiitake/gen/shiitake/v1/schedule.pb.go:121.38,122.14 1 0
github.com/understory-io/terraform-provider-shiitake/gen/shiitake/v1/schedule.pb.go:122.14,124.3 1 0
github.com/understory-io/terraform-provider-shiitake/gen/shiitake/v1/schedule.pb.go:125.2,125.11 1 0
github.com/understory-io/terraform-provider-shiitake/gen/shiitake/v1/schedule.pb.go:128.48,129.14 1 0
github.com/understory-io/terraform-provider-shiitake/gen/shiitake/v1/schedule.pb.go:129.14,131.3 1 0
github.com/understory-io/terraform-provider-shiitake/gen/shiitake/v1/schedule.pb.go:132.2,132.12 1 0
github.com/understory-io/terraform-provider-shiitake/gen/shiitake/v1/schedule.pb.go:145.30,150.2 4 0
github.com/understory-io/terraform-provider-shiitake/gen/shiitake/v1/schedule.pb.go:152.38,154.2 1 0
github.com/understory-io/terraform-provider-shiitake/gen/shiitake/v1/schedule.pb.go:156.36,156.37 0 0
github.com/understory-io/terraform-provider-shiitake/gen/shiitake/v1/schedule.pb.go:158.58,160.14 2 0
github.com/understory-io/terraform-provider-shiitake/gen/shiitake/v1/schedule.pb.go:160.14,162.34 2 0
github.com/understory-io/terraform-provider-shiitake/gen/shiitake/v1/schedule.pb.go:162.34,164.4 1 0
github.com/understory-io/terraform-provider-shiitake/gen/shiitake/v1/schedule.pb.go:165.3,165.12 1 0
github.com/understory-io/terraform-provider-shiitake/gen/shiitake/v1/schedule.pb.go:167.2,167.24 1 0
github.com/understory-io/terraform-provider-shiitake/gen/shiitake/v1/schedule.pb.go:171.49,173.2 1 0
github.com/understory-io/terraform-provider-shiitake/gen/shiitake/v1/schedule.pb.go:175.43,176.14 1 0
github.com/understory-io/terraform-provider-shiitake/gen/shiitake/v1/schedule.pb.go:176.14,178.3 1 0
github.com/understory-io/terraform-provider-shiitake/gen/shiitake/v1/schedule.pb.go:179.2,179.12 1 0
github.com/understory-io/terraform-provider-shiitake/gen/shiitake/v1/schedule.pb.go:182.40,183.14 1 0
github.com/understory-io/terraform-provider-shiitake/gen/shiitake/v1/schedule.pb.go:183.14,185.3 1 0
github.com/understory-io/terraform-provider-shiitake/gen/shiitake/v1/schedule.pb.go:186.2,186.14 1 0
github.com/understory-io/terraform-provider-shiitake/gen/shiitake/v1/schedule.pb.go:189.39,190.14 1 0
github.com/understory-io/terraform-provider-shiitake/gen/shiitake/v1/schedule.pb.go:190.14,192.3 1 0
github.com/understory-io/terraform-provider-shiitake/gen/shiitake/v1/schedule.pb.go:193.2,193.14 1 0
github.com/understory-io/terraform-provider-shiitake/gen/shiitake/v1/schedule.pb.go:203.40,208.2 4 0
github.com/understory-io/terraform-provider-shiitake/gen/shiitake/v1/schedule.pb.go:210.48,212.2 1 0
github.com/understory-io/terraform-provider-shiitake/gen/shiitake/v1/schedule.pb.go:214.46,214.47 0 0
github.com/understory-io/terraform-provider-shiitake/gen/shiitake/v1/schedule.pb.go:216.68,218.14 2 0
github.com/understory-io/terraform-provider-shiitake/gen/shiitake/v1/schedule.pb.go:218.14,220.34 2 0
github.com/understory-io/terraform-provider-shiitake/gen/shiitake/v1/schedule.pb.go:220.34,222.4 1 0
github.com/understory-io/terraform-provider-shiitake/gen/shiitake/v1/schedule.pb.go:223.3,223.12 1 0
github.com/understory-io/terraform-provider-shiitake/gen/shiitake/v1/schedule.pb.go:225.2,225.24 1 0
github.com/understory-io/terraform-provider-shiitake/gen/shiitake/v1/schedule.pb.go:229.59,231.2 1 0
github.com/understory-io/terraform-provider-shiitake/gen/shiitake/v1/schedule.pb.go:233.53,234.14 1 0
github.com/understory-io/terraform-provider-shiitake/gen/shiitake/v1/schedule.pb.go:234.14,236.3 1 0
github.com/understory-io/terraform-provider-shiitake/gen/shiitake/v1/schedule.pb.go:237.2,237.12 1 0
github.com/understory-io/terraform-provider-shiitake/gen/shiitake/v1/schedule.pb.go:247.41,252.2 4 0
github.com/understory-io/terraform-provider-shiitake/gen/shiitake/v1/schedule.pb.go:254.49,256.2 1 0
github.com/understory-io/terraform-provider-shiitake/gen/shiitake/v1/schedule.pb.go:258.47,258.48 0 0
github.com/understory-io/terraform-provider-shiitake/gen/shiitake/v1/schedule.pb.go:260.69,262.14 2 0
github.com/understory-io/terraform-provider-shiitake/gen/shiitake/v1/schedule.pb.go:262.14,264.34 2 0
github.com/understory-io/terraform-provider-shiitake/gen/shiitake/v1/schedule.pb.go:264.34,266.4 1 0
github.com/understory-io/terraform-provider-shiitake/gen/shiitake/v1/schedule.pb.go:267.3,267.12 1 0
github.com/understory-io/terraform-provider-shiitake/gen/shiitake/v1/schedule.pb.go:269.2,269.24 1 0
github.com/understory-io/terraform-provider-shiitake/gen/shiitake/v1/schedule.pb.go:273.60,275.2 1 0
github.com/understory-io/terraform-provider-shiitake/gen/shiitake/v1/schedule.pb.go:277.50,278.14 1 0
github.com/understory-io/terraform-provider-shiitake/gen/shiitake/v1/schedule.pb.go:278.14,280.3 1 0
github.com/understory-io/terraform-provider-shiitake/gen/shiitake/v1/schedule.pb.go:281.2,281.11 1 0
github.com/understory-io/terraform-provider-shiitake/gen/shiitake/v1/schedule.pb.go:291.35,296.2 4 0
github.com/understory-io/terraform-provider-shiitake/gen/shiitake/v1/schedule.pb.go:298.43,300.2 1 0
github.com/understory-io/terraform-provider-shiitake/gen/shiitake/v1/schedule.pb.go:302.41,302.42 0 0
github.com/understory-io/terraform-provider-shiitake/gen/shiitake/v1/schedule.pb.go:304.63,306.14 2 0
github.com/understory-io/terraform-provider-shiitake/gen/shiitake/v1/schedule.pb.go:306.14,308.34 2 0
github.com/understory-io/terraform-provider-shiitake/gen/shiitake/v1/schedule.pb.go:308.34,310.4 1 0
github.com/understory-io/terraform-provider-shiitake/gen/shiitake/v1/schedule.pb.go:311.3,311.12 1 0
github.com/understory-io/terraform-provider-shiitake/gen/shiitake/v1/schedule.pb.go:313.2,313.24 1 0
github.com/understory-io/terraform-provider-shiitake/gen/shiitake/v1/schedule.pb.go:317.54,319.2 1 0
github.com/understory-io/terraform-provider-shiitake/gen/shiitake/v1/schedule.pb.go:321.44,322.14 1 0
github.com/understory-io/terraform-provider-shiitake/gen/shiitake/v1/schedule.pb.go:322.14,324.3 1 0
github.com/understory-io/terraform-provider-shiitake/gen/shiitake/v1/schedule.pb.go:325.2,325.11 1 0
github.com/understory-io/terraform-provider-shiitake/gen/shiitake/v1/schedule.pb.go:336.36,341.2 4 0
github.com/understory-io/terraform-provider-shiitake/gen/shiitake/v1/schedule.pb.go:343.44,345.2 1 0
github.com/understory-io/terraform-provider-shiitake/gen/shiitake/v1/schedule.pb.go:347.42,347.43 0 0
github.com/understory-io/terraform-provider-shiitake/gen/shiitake/v1/schedule.pb.go:349.64,351.14 2 0
github.com/understory-io/terraform-provider-shiitake/gen/shiitake/v1/schedule.pb.go:351.14,353.34 2 0
github.com/understory-io/terraform-provider-shiitake/gen/shiitake/v1/schedule.pb.go:353.34,355.4 1 0
github.com/understory-io/terraform-provider-shiitake/gen/shiitake/v1/schedule.pb.go:356.3,356.12 1 0
github.com/understory-io/terraform-provider-shiitake/gen/shiitake/v1/schedule.pb.go:358.2,358.24 1 0
github.com/understory-io/terraform-provider-shiitake/gen/shiitake/v1/schedule.pb.go:362.55,364.2 1 0
github.com/understory-io/terraform-provider-shiitake/gen/shiitake/v1/schedule.pb.go:366.44,367.14 1 0
github.com/understory-io/terraform-provider-shiitake/gen/shiitake/v1/schedule.pb.go:367.14,369.3 1 0
github.com/understory-io/terraform-provider-shiitake/gen/shiitake/v1/schedule.pb.go:370.2,370.14 1 0
github.com/understory-io/terraform-provider-shiitake/gen/shiitake/v1/schedule.pb.go:373.51,374.14 1 0
github.com/understory-io/terraform-provider-shiitake/gen/shiitake/v1/schedule.pb.go:374.14,376.3 1 0
github.com/understory-io/terraform-provider-shiitake/gen/shiitake/v1/schedule.pb.go:377.2,377.12 1 0
github.com/understory-io/terraform-provider-shiitake/gen/shiitake/v1/schedule.pb.go:386.37,391.2 4 0
github.com/understory-io/terraform-provider-shiitake/gen/shiitake/v1/schedule.pb.go:393.45,395.2 1 0
github.com/understory-io/terraform-provider-shiitake/gen/shiitake/v1/schedule.pb.go:397.43,397.44 0 0
github.com/understory-io/terraform-provider-shiitake/gen/shiitake/v1/schedule.pb.go:399.65,401.14 2 0
github.com/understory-io/terraform-provider-shiitake/gen/shiitake/v1/schedule.pb.go:401.14,403.34 2 0
github.com/understory-io/terraform-provider-shiitake/gen/shiitake/v1/schedule.pb.go:403.34,405.4 1 0
github.com/understory-io/terraform-provider-shiitake/gen/shiitake/v1/schedule.pb.go:406.3,406.12 1 0
github.com/understory-io/terraform-provider-shiitake/gen/shiitake/v1/schedule.pb.go:408.2,408.24 1 0
github.com/understory-io/terraform-provider-shiitake/gen/shiitake/v1/schedule.pb.go:412.56,414.2 1 0
github.com/understory-io/terraform-provider-shiitake/gen/shiitake/v1/schedule.pb.go:423.38,428.2 4 0
github.com/understory-io/terraform-provider-shiitake/gen/shiitake/v1/schedule.pb.go:430.46,432.2 1 0
github.com/understory-io/terraform-provider-shiitake/gen/shiitake/v1/schedule.pb.go:434.44,434.45 0 0
github.com/understory-io/terraform-provider-shiitake/gen/shiitake/v1/schedule.pb.go:436.66,438.14 2 0
github.com/understory-io/terraform-provider-shiitake/gen/shiitake/v1/schedule.pb.go:438.14,440.34 2 0
github.com/understory-io/terraform-provider-shiitake/gen/shiitake/v1/schedule.pb.go:440.34,442.4 1 0
github.com/understory-io/terraform-provider-shiitake/gen/shiitake/v1/schedule.pb.go:443.3,443.12 1 0
github.com/understory-io/terraform-provider-shiitake/gen/shiitake/v1/schedule.pb.go:445.2,445.24 1 0
github.com/understory-io/terraform-provider-shiitake/gen/shiitake/v1/schedule.pb.go:449.57,451.2 1 0
github.com/understory-io/terraform-provider-shiitake/gen/shiitake/v1/schedule.pb.go:453.56,454.14 1 0
github.com/understory-io/terraform-provider-shiitake/gen/shiitake/v1/schedule.pb.go:454.14,456.3 1 0
github.com/understory-io/terraform-provider-shiitake/gen/shiitake/v1/schedule.pb.go:457.2,457.12 1 0
github.com/understory-io/terraform-provider-shiitake/gen/shiitake/v1/schedule.pb.go:468.39,473.2 4 0
github.com/understory-io/terraform-provider-shiitake/gen/shiitake/v1/schedule.pb.go:475.47,477.2 1 0
github.com/understory-io/terraform-provider-shiitake/gen/shiitake/v1/schedule.pb.go:479.45,479.46 0 0
github.com/understory-io/terraform-provider-shiitake/gen/shiitake/v1/schedule.pb.go:481.67,483.14 2 0
github.com/understory-io/terraform-provider-shiitake/gen/shiitake/v1/schedule.pb.go:483.14,485.34 2 0
github.com/understory-io/terraform-provider-shiitake/gen/shiitake/v1/schedule.pb.go:485.34,487.4 1 0
github.com/understory-io/terraform-provider-shiitake/gen/shiitake/v1/schedule.pb.go:488.3,488.12 1 0
github.com/understory-io/terraform-provider-shiitake/gen/shiitake/v1/schedule.pb.go:490.2,490.24 1 0
github.com/understory-io/terraform-provider-shiitake/gen/shiitake/v1/schedule.pb.go:494.58,496.2 1 0
github.com/understory-io/terraform-provider-shiitake/gen/shiitake/v1/schedule.pb.go:498.48,499.14 1 0
github.com/understory-io/terraform-provider-shiitake/gen/shiitake/v1/schedule.pb.go:499.14,501.3 1 0
github.com/understory-io/terraform-provider-shiitake/gen/shiitake/v1/schedule.pb.go:502.2,502.11 1 0
github.com/understory-io/terraform-provider-shiitake/gen/shiitake/v1/schedule.pb.go:511.40,516.2 4 0
github.com/understory-io/terraform-provider-shiitake/gen/shiitake/v1/schedule.pb.go:518.48,520.2 1 0
github.com/understory-io/terraform-provider-shiitake/gen/shiitake/v1/schedule.pb.go:522.46,522.47 0 0
github.com/understory-io/terraform-provider-shiitake/gen/shiitake/v1/schedule.pb.go:524.68,526.14 2 0
github.com/understory-io/terraform-provider-shiitake/gen/shiitake/v1/schedule.pb.go:526.14,528.34 2 0
github.com/understory-io/terraform-provider-shiitake/gen/shiitake/v1/schedule.pb.go:528.34,530.4 1 0
github.com/understory-io/terraform-provider-shiitake/gen/shiitake/v1/schedule.pb.go:531.3,531.12 1 0
github.com/understory-io/terraform-provider-shiitake/gen/shiitake/v1/schedule.pb.go:533.2,533.24 1 0
github.com/understory-io/terraform-provider-shiitake/gen/shiitake/v1/schedule.pb.go:537.59,539.2 1 0
github.com/understory-io/terraform-provider-shiitake/gen/shiitake/v1/schedule.pb.go:550.37,555.2 4 0
github.com/understory-io/terraform-provider-shiitake/gen/shiitake/v1/schedule.pb.go:557.45,559.2 1 0
github.com/understory-io/terraform-provider-shiitake/gen/shiitake/v1/schedule.pb.go:561.43,561.44 0 0
github.com/understory-io/terraform-provider-shiitake/gen/shiitake/v1/schedule.pb.go:563.65,565.14 2 0
github.com/understory-io/terraform-provider-shiitake/gen/shiitake/v1/schedule.pb.go:565.14,567.34 2 0
github.com/understory-io/terraform-provider-shiitake/gen/shiitake/v1/schedule.pb.go:567.34,569.4 1 0
github.com/understory-io/terraform-provider-shiitake/gen/shiitake/v1/schedule.pb.go:570.3,570.12 1 0
github.com/understory-io/terraform-provider-shiitake/gen/shiitake/v1/schedule.pb.go:572.2,572.24 1 0
github.com/understory-io/terraform-provider-shiitake/gen/shiitake/v1/schedule.pb.go:576.56,578.2 1 0
github.com/understory-io/terraform-provider-shiitake/gen/shiitake/v1/schedule.pb.go:580.46,581.14 1 0
github.com/understory-io/terraform-provider-shiitake/gen/shiitake/v1/schedule.pb.go:581.14,583.3 1 0
github.com/understory-io/terraform-provider-shiitake/gen/shiitake/v1/schedule.pb.go:584.2,584.11 1 0
github.com/understory-io/terraform-provider-shiitake/gen/shiitake/v1/schedule.pb.go:593.38,598.2 4 0
github.com/understory-io/terraform-provider-shiitake/gen/shiitake/v1/schedule.pb.go:600.46,602.2 1 0
github.com/understory-io/terraform-provider-shiitake/gen/shiitake/v1/schedule.pb.go:604.44,604.45 0 0
github.com/understory-io/terraform-provider-shiitake/gen/shiitake/v1/schedule.pb.go:606.66,608.14 2 0
github.com/understory-io/terraform-provider-shiitake/gen/shiitake/v1/schedule.pb.go:608.14,610.34 2 0
github.com/understory-io/terraform-provider-shiitake/gen/shiitake/v1/schedule.pb.go:610.34,612.4 1 0
github.com/understory-io/terraform-provider-shiitake/gen/shiitake/v1/schedule.pb.go:613.3,613.12 1 0
github.com/understory-io/terraform-provider-shiitake/gen/shiitake/v1/schedule.pb.go:615.2,615.24 1 0
github.com/understory-io/terraform-provider-shiitake/gen/shiitake/v1/schedule.pb.go:619.57,621.2 1 0
github.com/understory-io/terraform-provider-shiitake/gen/shiitake/v1/schedule.pb.go:635.40,640.2 4 0
github.com/understory-io/terraform-provider-shiitake/gen/shiitake/v1/schedule.pb.go:642.48,644.2 1 0
github.com/understory-io/terraform-provider-shiitake/gen/shiitake/v1/schedule.pb.go:646.46,646.47 0 0
github.com/understory-io/terraform-provider-shiitake/gen/shiitake/v1/schedule.pb.go:648.68,650.14 2 0
github.com/understory-io/terraform-provider-shiitake/gen/shiitake/v1/schedule.pb.go:650.14,652.34 2 0
github.com/understory-io/terraform-provider-shiitake/gen/shiitake/v1/schedule.pb.go:652.34,654.4 1 0
github.com/understory-io/terraform-provider-shiitake/gen/shiitake/v1/schedule.pb.go:655.3,655.12 1 0
github.com/understory-io/terraform-provider-shiitake/gen/shiitake/v1/schedule.pb.go:657.2,657.24 1 0
github.com/understory-io/terraform-provider-shiitake/gen/shiitake/v1/schedule.pb.go:661.59,663.2 1 0
github.com/understory-io/terraform-provider-shiitake/gen/shiitake/v1/schedule.pb.go:665.52,666.14 1 0
github.com/understory-io/terraform-provider-shiitake/gen/shiitake/v1/schedule.pb.go:666.14,668.3 1 0
github.com/understory-io/terraform-provider-shiitake/gen/shiitake/v1/schedule.pb.go:669.2,669.11 1 0
github.com/understory-io/terraform-provider-shiitake/gen/shiitake/v1/schedule.pb.go:672.57,673.14 1 0
github.com/understory-io/terraform-provider-shiitake/gen/shiitake/v1/schedule.pb.go:673.14,675.3 1 0
github.com/understory-io/terraform-provider-shiitake/gen/shiitake/v1/schedule.pb.go:676.2,676.12 1 0
github.com/understory-io/terraform-provider-shiitake/gen/shiitake/v1/schedule.pb.go:688.41,693.2 4 0
github.com/understory-io/terraform-provider-shiitake/gen/shiitake/v1/schedule.pb.go:695.49,697.2 1 0
github.com/understory-io/terraform-provider-shiitake/gen/shiitake/v1/schedule.pb.go:699.47,699.48 0 0
github.com/understory-io/terraform-provider-shiitake/gen/shiitake/v1/schedule.pb.go:701.69,703.14 2 0
github.com/understory-io/terraform-provider-shiitake/gen/shiitake/v1/schedule.pb.go:703.14,705.34 2 0
github.com/understory-io/terraform-provider-shiitake/gen/shiitake/v1/schedule.pb.go:705.34,707.4 1 0
github.com/understory-io/terraform-provider-shiitake/gen/shiitake/v1/schedule.pb.go:708.3,708.12 1 0
github.com/understory-io/terraform-provider-shiitake/gen/shiitake/v1/schedule.pb.go:710.2,710.24 1 0
github.com/understory-io/terraform-provider-shiitake/gen/shiitake/v1/schedule.pb.go:714.60,716.2 1 0
github.com/understory-io/terraform-provider-shiitake/gen/shiitake/v1/schedule.pb.go:718.58,719.14 1 0
github.com/understory-io/terraform-provider-shiitake/gen/shiitake/v1/schedule.pb.go:719.14,721.3 1 0
github.com/understory-io/terraform-provider-shiitake/gen/shiitake/v1/schedule.pb.go:722.2,722.12 1 0
github.com/understory-io/terraform-provider-shiitake/gen/shiitake/v1/schedule.pb.go:725.55,726.14 1 0
github.com/understory-io/terraform-provider-shiitake/gen/shiitake/v1/schedule.pb.go:726.14,728.3 1 0
github.com/understory-io/terraform-provider-shiitake/gen/shiitake/v1/schedule.pb.go:729.2,729.12 1 0
github.com/understory-io/terraform-provider-shiitake/gen/shiitake/v1/schedule.pb.go:732.54,733.14 1 0
github.com/understory-io/terraform-provider-shiitake/gen/shiitake/v1/schedule.pb.go:733.14,735.3 1 0
github.com/understory-io/terraform-provider-shiitake/gen/shiitake/v1/schedule.pb.go:736.2,736.12 1 0
github.com/understory-io/terraform-provider-shiitake/gen/shiitake/v1/schedule.pb.go:804.59,805.56 1 0
github.com/understory-io/terraform-provider-shiitake/gen/shiitake/v1/schedule.pb.go:805.56,807.3 1 0
github.com/understory-io/terraform-provider-shiitake/gen/shiitake/v1/schedule.pb.go:808.2,808.52 1 0
github.com/understory-io/terraform-provider-shiitake/gen/shiitake/v1/schedule.pb.go:855.13,855.55 1 0
github.com/understory-io/terraform-provider-shiitake/gen/shiitake/v1/schedule.pb.go:856.45,857.44 1 0
github.com/understory-io/terraform-provider-shiitake/gen/shiitake/v1/schedule.pb.go:857.44,859.3 1 0
github.com/understory-io/terraform-provider-shiitake/gen/shiitake/v1/schedule.pb.go:860.2,876.47 5 0
github.com/understory-io/terraform-provider-shiitake/gen/shiitake/v1/schedule_grpc.pb.go:46.82,48.2 1 0
github.com/understory-io/terraform-provider-shiitake/gen/shiitake/v1/schedule_grpc.pb.go:50.151,54.16 4 0
github.com/understory-io/terraform-provider-shiitake/gen/shiitake/v1/schedule_grpc.pb.go:54.16,56.3 1 0
github.com/understory-io/terraform-provider-shiitake/gen/shiitake/v1/schedule_grpc.pb.go:57.2,57.17 1 0
github.com/understory-io/terraform-provider-shiitake/gen/shiitake/v1/schedule_grpc.pb.go:60.136,64.16 4 0
github.com/understory-io/terraform-provider-shiitake/gen/shiitake/v1/schedule_grpc.pb.go:64.16,66.3 1 0
github.com/understory-io/terraform-provider-shiitake/gen/shiitake/v1/schedule_grpc.pb.go:67.2,67.17 1 0
github.com/understory-io/terraform-provider-shiitake/gen/shiitake/v1/schedule_grpc.pb.go:70.142,74.16 4 0
github.com/understory-io/terraform-provider-shiitake/gen/shiitake/v1/schedule_grpc.pb.go:74.16,76.3 1 0
github.com/understory-io/terraform-provider-shiitake/gen/shiitake/v1/schedule_grpc.pb.go:77.2,77.17 1 0
github.com/understory-io/terraform-provider-shiitake/gen/shiitake/v1/schedule_grpc.pb.go:80.148,84.16 4 0
github.com/understory-io/terraform-provider-shiitake/gen/shiitake/v1/schedule_grpc.pb.go:84.16,86.3 1 0
github.com/understory-io/terraform-provider-shiitake/gen/shiitake/v1/schedule_grpc.pb.go:87.2,87.17 1 0
github.com/understory-io/terraform-provider-shiitake/gen/shiitake/v1/schedule_grpc.pb.go:90.142,94.16 4 0
github.com/understory-io/terraform-provider-shiitake/gen/shiitake/v1/schedule_grpc.pb.go:94.16,96.3 1 0
github.com/understory-io/terraform-provider-shiitake/gen/shiitake/v1/schedule_grpc.pb.go:97.2,97.17 1 0
github.com/understory-io/terraform-provider-shiitake/gen/shiitake/v1/schedule_grpc.pb.go:100.151,104.16 4 0
github.com/understory-io/terraform-provider-shiitake/gen/shiitake/v1/schedule_grpc.pb.go:104.16,106.3 1 0
github.com/understory-io/terraform-provider-shiitake/gen/shiitake/v1/schedule_grpc.pb.go:107.2,107.17 1 0
github.com/understory-io/terraform-provider-shiitake/gen/shiitake/v1/schedule_grpc.pb.go:129.129,131.2 1 0
github.com/understory-io/terraform-provider-shiitake/gen/shiitake/v1/schedule_grpc.pb.go:132.114,134.2 1 0
github.com/understory-io/terraform-provider-shiitake/gen/shiitake/v1/schedule_grpc.pb.go:135.120,137.2 1 0
github.com/understory-io/terraform-provider-shiitake/gen/shiitake/v1/schedule_grpc.pb.go:138.126,140.2 1 0
github.com/understory-io/terraform-provider-shiitake/gen/shiitake/v1/schedule_grpc.pb.go:141.120,143.2 1 0
github.com/understory-io/terraform-provider-shiitake/gen/shiitake/v1/schedule_grpc.pb.go:144.129,146.2 1 0
github.com/understory-io/terraform-provider-shiitake/gen/shiitake/v1/schedule_grpc.pb.go:147.66,147.67 0 0
github.com/understory-io/terraform-provider-shiitake/gen/shiitake/v1/schedule_grpc.pb.go:156.88,161.59 1 0
github.com/understory-io/terraform-provider-shiitake/gen/shiitake/v1/schedule_grpc.pb.go:161.59,163.3 1 0
github.com/understory-io/terraform-provider-shiitake/gen/shiitake/v1/schedule_grpc.pb.go:164.2,164.54 1 0
github.com/understory-io/terraform-provider-shiitake/gen/shiitake/v1/schedule_grpc.pb.go:167.174,169.32 2 0
github.com/understory-io/terraform-provider-shiitake/gen/shiitake/v1/schedule_grpc.pb.go:169.32,171.3 1 0
github.com/understory-io/terraform-provider-shiitake/gen/shiitake/v1/schedule_grpc.pb.go:172.2,172.24 1 0
github.com/understory-io/terraform-provider-shiitake/gen/shiitake/v1/schedule_grpc.pb.go:172.24,174.3 1 0
github.com/understory-io/terraform-provider-shiitake/gen/shiitake/v1/schedule_grpc.pb.go:175.2,179.77 2 0
github.com/understory-io/terraform-provider-shiitake/gen/shiitake/v1/schedule_grpc.pb.go:179.77,181.3 1 0
github.com/understory-io/terraform-provider-shiitake/gen/shiitake/v1/schedule_grpc.pb.go:182.2,182.44 1 0
github.com/understory-io/terraform-provider-shiitake/gen/shiitake/v1/schedule_grpc.pb.go:185.169,187.32 2 0
github.com/understory-io/terraform-provider-shiitake/gen/shiitake/v1/schedule_grpc.pb.go:187.32,189.3 1 0
github.com/understory-io/terraform-provider-shiitake/gen/shiitake/v1/schedule_grpc.pb.go:190.2,190.24 1 0
github.com/understory-io/terraform-provider-shiitake/gen/shiitake/v1/schedule_grpc.pb.go:190.24,192.3 1 0
github.com/understory-io/terraform-provider-shiitake/gen/shiitake/v1/schedule_grpc.pb.go:193.2,197.77 2 0
github.com/understory-io/terraform-provider-shiitake/gen/shiitake/v1/schedule_grpc.pb.go:197.77,199.3 1 0
github.com/understory-io/terraform-provider-shiitake/gen/shiitake/v1/schedule_grpc.pb.go:200.2,200.44 1 0
github.com/understory-io/terraform-provider-shiitake/gen/shiitake/v1/schedule_grpc.pb.go:203.171,205.32 2 0
github.com/understory-io/terraform-provider-shiitake/gen/shiitake/v1/schedule_grpc.pb.go:205.32,207.3 1 0
github.com/understory-io/terraform-provider-shiitake/gen/shiitake/v1/schedule_grpc.pb.go:208.2,208.24 1 0
github.com/understory-io/terraform-provider-shiitake/gen/shiitake/v1/schedule_grpc.pb.go:208.24,210.3 1 0
github.com/understory-io/terraform-provider-shiitake/gen/shiitake/v1/schedule_grpc.pb.go:211.2,215.77 2 0
github.com/understory-io/terraform-provider-shiitake/gen/shiitake/v1/schedule_grpc.pb.go:215.77,217.3 1 0
github.com/understory-io/terraform-provider-shiitake/gen/shiitake/v1/schedule_grpc.pb.go:218.2,218.44 1 0
github.com/understory-io/terraform-provider-shiitake/gen/shiitake/v1/schedule_grpc.pb.go:221.173,223.32 2 0
github.com/understory-io/terraform-provider-shiitake/gen/shiitake/v1/schedule_grpc.pb.go:223.32,225.3 1 0
github.com/understory-io/terraform-provider-shiitake/gen/shiitake/v1/schedule_grpc.pb.go:226.2,226.24 1 0
github.com/understory-io/terraform-provider-shiitake/gen/shiitake/v1/schedule_grpc.pb.go:226.24,228.3 1 0
github.com/understory-io/terraform-provider-shiitake/gen/shiitake/v1/schedule_grpc.pb.go:229.2,233.77 2 0
github.com/understory-io/terraform-provider-shiitake/gen/shiitake/v1/schedule_grpc.pb.go:233.77,235.3 1 0
github.com/understory-io/terraform-provider-shiitake/gen/shiitake/v1/schedule_grpc.pb.go:236.2,236.44 1 0
github.com/understory-io/terraform-provider-shiitake/gen/shiitake/v1/schedule_grpc.pb.go:239.171,241.32 2 0
github.com/understory-io/terraform-provider-shiitake/gen/shiitake/v1/schedule_grpc.pb.go:241.32,243.3 1 0
github.com/understory-io/terraform-provider-shiitake/gen/shiitake/v1/schedule_grpc.pb.go:244.2,244.24 1 0
github.com/understory-io/terraform-provider-shiitake/gen/shiitake/v1/schedule_grpc.pb.go:244.24,246.3 1 0
github.com/understory-io/terraform-provider-shiitake/gen/shiitake/v1/schedule_grpc.pb.go:247.2,251.77 2 0
github.com/understory-io/terraform-provider-shiitake/gen/shiitake/v1/schedule_grpc.pb.go:251.77,253.3 1 0
github.com/understory-io/terraform-provider-shiitake/gen/shiitake/v1/schedule_grpc.pb.go:254.2,254.44 1 0
github.com/understory-io/terraform-provider-shiitake/gen/shiitake/v1/schedule_grpc.pb.go:257.174,259.32 2 0
github.com/understory-io/terraform-provider-shiitake/gen/shiitake/v1/schedule_grpc.pb.go:259.32,261.3 1 0
github.com/understory-io/terraform-provider-shiitake/gen/shiitake/v1/schedule_grpc.pb.go:262.2,262.24 1 0
github.com/understory-io/terraform-provider-shiitake/gen/shiitake/v1/schedule_grpc.pb.go:262.24,264.3 1 0
github.com/understory-io/terraform-provider-shiitake/gen/shiitake/v1/schedule_grpc.pb.go:265.2,269.77 2 0
github.com/understory-io/terraform-provider-shiitake/gen/shiitake/v1/schedule_grpc.pb.go:269.77,271.3 1 0
github.com/understory-io/terraform-provider-shiitake/gen/shiitake/v1/schedule_grpc.pb.go:272.2,272.44 1 0
github.com/understory-io/terraform-provider-shiitake/internal/provider/provider.go:28.51,29.34 1 0
github.com/understory-io/terraform-provider-shiitake/internal/provider/provider.go:29.34,29.80 1 0
github.com/understory-io/terraform-provider-shiitake/internal/provider/provider.go:41.117,44.2 2 0
github.com/understory-io/terraform-provider-shiitake/internal/provider/provider.go:46.111,67.2 1 0
github.com/understory-io/terraform-provider-shiitake/internal/provider/provider.go:69.124,72.33 3 0
github.com/understory-io/terraform-provider-shiitake/internal/provider/provider.go:72.33,74.3 1 0
github.com/understory-io/terraform-provider-shiitake/internal/provider/provider.go:76.2,77.18 2 0
github.com/understory-io/terraform-provider-shiitake/internal/provider/provider.go:77.18,79.3 1 0
github.com/understory-io/terraform-provider-shiitake/internal/provider/provider.go:80.2,80.18 1 0
github.com/understory-io/terraform-provider-shiitake/internal/provider/provider.go:80.18,87.3 2 0
github.com/understory-io/terraform-provider-shiitake/internal/provider/provider.go:89.2,90.18 2 0
github.com/understory-io/terraform-provider-shiitake/internal/provider/provider.go:90.18,92.3 1 0
github.com/understory-io/terraform-provider-shiitake/internal/provider/provider.go:93.2,93.18 1 0
github.com/understory-io/terraform-provider-shiitake/internal/provider/provider.go:93.18,103.3 1 0
github.com/understory-io/terraform-provider-shiitake/internal/provider/provider.go:105.2,106.16 2 0
github.com/understory-io/terraform-provider-shiitake/internal/provider/provider.go:106.16,109.3 2 0
github.com/understory-io/terraform-provider-shiitake/internal/provider/provider.go:111.2,112.28 2 0
github.com/understory-io/terraform-provider-shiitake/internal/provider/provider.go:115.84,119.2 1 0
github.com/understory-io/terraform-provider-shiitake/internal/provider/provider.go:121.90,125.2 1 0
github.com/understory-io/terraform-provider-shiitake/internal/provider/slice_resource.go:21.43,21.70 1 0
github.com/understory-io/terraform-provider-shiitake/internal/provider/slice_resource.go:40.116,42.2 1 0
github.com/understory-io/terraform-provider-shiitake/internal/provider/slice_resource.go:44.108,119.2 1 0
github.com/understory-io/terraform-provider-shiitake/internal/provider/slice_resource.go:121.119,122.29 1 0
github.com/understory-io/terraform-provider-shiitake/internal/provider/slice_resource.go:122.29,124.3 1 0
github.com/understory-io/terraform-provider-shiitake/internal/provider/slice_resource.go:125.2,126.9 2 0
github.com/understory-io/terraform-provider-shiitake/internal/provider/slice_resource.go:126.9,132.3 2 0
github.com/understory-io/terraform-provider-shiitake/internal/provider/slice_resource.go:133.2,133.19 1 0
github.com/understory-io/terraform-provider-shiitake/internal/provider/slice_resource.go:138.82,140.43 2 0
github.com/understory-io/terraform-provider-shiitake/internal/provider/slice_resource.go:140.43,141.68 1 0
github.com/understory-io/terraform-provider-shiitake/internal/provider/slice_resource.go:141.68,143.4 1 0
github.com/understory-io/terraform-provider-shiitake/internal/provider/slice_resource.go:145.2,155.8 1 0
github.com/understory-io/terraform-provider-shiitake/internal/provider/slice_resource.go:158.112,161.33 3 0
github.com/understory-io/terraform-provider-shiitake/internal/provider/slice_resource.go:161.33,163.3 1 0
github.com/understory-io/terraform-provider-shiitake/internal/provider/slice_resource.go:165.2,166.16 2 0
github.com/understory-io/terraform-provider-shiitake/internal/provider/slice_resource.go:166.16,169.3 2 0
github.com/understory-io/terraform-provider-shiitake/internal/provider/slice_resource.go:170.2,170.56 1 0
github.com/understory-io/terraform-provider-shiitake/internal/provider/slice_resource.go:170.56,173.3 2 0
github.com/understory-io/terraform-provider-shiitake/internal/provider/slice_resource.go:175.2,176.56 2 0
github.com/understory-io/terraform-provider-shiitake/internal/provider/slice_resource.go:179.106,182.33 3 0
github.com/understory-io/terraform-provider-shiitake/internal/provider/slice_resource.go:182.33,184.3 1 0
github.com/understory-io/terraform-provider-shiitake/internal/provider/slice_resource.go:186.2,187.16 2 0
github.com/understory-io/terraform-provider-shiitake/internal/provider/slice_resource.go:187.16,190.3 2 0
github.com/understory-io/terraform-provider-shiitake/internal/provider/slice_resource.go:191.2,191.12 1 0
github.com/understory-io/terraform-provider-shiitake/internal/provider/slice_resource.go:191.12,196.3 2 0
github.com/understory-io/terraform-provider-shiitake/internal/provider/slice_resource.go:198.2,210.21 9 0
github.com/understory-io/terraform-provider-shiitake/internal/provider/slice_resource.go:210.21,213.34 3 0
github.com/understory-io/terraform-provider-shiitake/internal/provider/slice_resource.go:213.34,215.4 1 0
github.com/understory-io/terraform-provider-shiitake/internal/provider/slice_resource.go:216.3,216.18 1 0
github.com/understory-io/terraform-provider-shiitake/internal/provider/slice_resource.go:219.2,219.57 1 0
github.com/understory-io/terraform-provider-shiitake/internal/provider/slice_resource.go:222.112,225.33 3 0
github.com/understory-io/terraform-provider-shiitake/internal/provider/slice_resource.go:225.33,227.3 1 0
github.com/understory-io/terraform-provider-shiitake/internal/provider/slice_resource.go:229.2,230.16 2 0
github.com/understory-io/terraform-provider-shiitake/internal/provider/slice_resource.go:230.16,233.3 2 0
github.com/understory-io/terraform-provider-shiitake/internal/provider/slice_resource.go:235.2,235.56 1 0
github.com/understory-io/terraform-provider-shiitake/internal/provider/slice_resource.go:235.56,238.3 2 0
github.com/understory-io/terraform-provider-shiitake/internal/provider/slice_resource.go:240.2,241.56 2 0
github.com/understory-io/terraform-provider-shiitake/internal/provider/slice_resource.go:244.112,247.33 3 0
github.com/understory-io/terraform-provider-shiitake/internal/provider/slice_resource.go:247.33,249.3 1 0
github.com/understory-io/terraform-provider-shiitake/internal/provider/slice_resource.go:250.2,250.75 1 0
github.com/understory-io/terraform-provider-shiitake/internal/provider/slice_resource.go:250.75,252.3 1 0
github.com/understory-io/terraform-provider-shiitake/internal/provider/slice_resource.go:257.127,260.2 2 0
github.com/understory-io/terraform-provider-shiitake/internal/provider/slices_data_source.go:19.50,19.80 1 0
github.com/understory-io/terraform-provider-shiitake/internal/provider/slices_data_source.go:40.123,42.2 1 0
github.com/understory-io/terraform-provider-shiitake/internal/provider/slices_data_source.go:44.115,66.2 1 0
github.com/understory-io/terraform-provider-shiitake/internal/provider/slices_data_source.go:68.126,69.29 1 0
github.com/understory-io/terraform-provider-shiitake/internal/provider/slices_data_source.go:69.29,71.3 1 0
github.com/understory-io/terraform-provider-shiitake/internal/provider/slices_data_source.go:72.2,73.9 2 0
github.com/understory-io/terraform-provider-shiitake/internal/provider/slices_data_source.go:73.9,79.3 2 0
github.com/understory-io/terraform-provider-shiitake/internal/provider/slices_data_source.go:80.2,80.19 1 0
github.com/understory-io/terraform-provider-shiitake/internal/provider/slices_data_source.go:83.111,85.16 2 0
github.com/understory-io/terraform-provider-shiitake/internal/provider/slices_data_source.go:85.16,88.3 2 0
github.com/understory-io/terraform-provider-shiitake/internal/provider/slices_data_source.go:90.2,91.27 2 0
github.com/understory-io/terraform-provider-shiitake/internal/provider/slices_data_source.go:91.27,102.3 1 0
github.com/understory-io/terraform-provider-shiitake/internal/provider/slices_data_source.go:104.2,104.57 1 0
github.com/understory-io/terraform-provider-shiitake/main.go:15.13,25.96 5 0
github.com/understory-io/terraform-provider-shiitake/main.go:25.96,27.3 1 0
github.com/understory-io/terraform-provider-shiitake/internal/shiitake/client.go:51.50,53.16 2 0
github.com/understory-io/terraform-provider-shiitake/internal/shiitake/client.go:53.16,55.3 1 0
github.com/understory-io/terraform-provider-shiitake/internal/shiitake/client.go:57.2,58.12 2 0
github.com/understory-io/terraform-provider-shiitake/internal/shiitake/client.go:58.12,60.3 1 0
github.com/understory-io/terraform-provider-shiitake/internal/shiitake/client.go:62.2,63.16 2 0
github.com/understory-io/terraform-provider-shiitake/internal/shiitake/client.go:63.16,65.3 1 0
github.com/understory-io/terraform-provider-shiitake/internal/shiitake/client.go:67.2,71.8 1 0
github.com/understory-io/terraform-provider-shiitake/internal/shiitake/client.go:75.32,76.31 1 0
github.com/understory-io/terraform-provider-shiitake/internal/shiitake/client.go:76.31,78.3 1 0
github.com/understory-io/terraform-provider-shiitake/internal/shiitake/client.go:79.2,79.23 1 0
github.com/understory-io/terraform-provider-shiitake/internal/shiitake/client.go:83.73,85.18 2 7
github.com/understory-io/terraform-provider-shiitake/internal/shiitake/client.go:85.18,87.3 1 1
github.com/understory-io/terraform-provider-shiitake/internal/shiitake/client.go:88.2,88.38 1 6
github.com/understory-io/terraform-provider-shiitake/internal/shiitake/client.go:88.38,91.3 1 1
github.com/understory-io/terraform-provider-shiitake/internal/shiitake/client.go:92.2,93.16 2 5
github.com/understory-io/terraform-provider-shiitake/internal/shiitake/client.go:93.16,95.3 1 0
github.com/understory-io/terraform-provider-shiitake/internal/shiitake/client.go:96.2,97.16 2 5
github.com/understory-io/terraform-provider-shiitake/internal/shiitake/client.go:97.16,99.3 1 1
github.com/understory-io/terraform-provider-shiitake/internal/shiitake/client.go:100.2,100.18 1 4
github.com/understory-io/terraform-provider-shiitake/internal/shiitake/client.go:101.15,102.25 1 2
github.com/understory-io/terraform-provider-shiitake/internal/shiitake/client.go:103.14,104.26 1 1
github.com/understory-io/terraform-provider-shiitake/internal/shiitake/client.go:105.10,106.123 1 1
github.com/understory-io/terraform-provider-shiitake/internal/shiitake/client.go:112.82,114.20 2 0
github.com/understory-io/terraform-provider-shiitake/internal/shiitake/client.go:114.20,116.3 1 0
github.com/understory-io/terraform-provider-shiitake/internal/shiitake/client.go:117.2,117.91 1 0
github.com/understory-io/terraform-provider-shiitake/internal/shiitake/client.go:120.44,132.2 1 2
github.com/understory-io/terraform-provider-shiitake/internal/shiitake/client.go:134.47,135.15 1 3
github.com/understory-io/terraform-provider-shiitake/internal/shiitake/client.go:135.15,137.3 1 1
github.com/understory-io/terraform-provider-shiitake/internal/shiitake/client.go:138.2,148.3 1 2
github.com/understory-io/terraform-provider-shiitake/internal/shiitake/client.go:158.68,163.2 4 0
github.com/understory-io/terraform-provider-shiitake/internal/shiitake/client.go:167.95,171.16 4 0
github.com/understory-io/terraform-provider-shiitake/internal/shiitake/client.go:171.16,173.3 1 0
github.com/understory-io/terraform-provider-shiitake/internal/shiitake/client.go:174.2,174.22 1 0
github.com/understory-io/terraform-provider-shiitake/internal/shiitake/client.go:174.22,176.3 1 0
github.com/understory-io/terraform-provider-shiitake/internal/shiitake/client.go:177.2,180.20 2 0
github.com/understory-io/terraform-provider-shiitake/internal/shiitake/client.go:180.20,182.3 1 0
github.com/understory-io/terraform-provider-shiitake/internal/shiitake/client.go:183.2,183.42 1 0
github.com/understory-io/terraform-provider-shiitake/internal/shiitake/client.go:188.69,193.2 4 0
github.com/understory-io/terraform-provider-shiitake/internal/shiitake/client.go:196.67,200.16 4 0
github.com/understory-io/terraform-provider-shiitake/internal/shiitake/client.go:200.16,202.3 1 0
github.com/understory-io/terraform-provider-shiitake/internal/shiitake/client.go:203.2,204.38 2 0
github.com/understory-io/terraform-provider-shiitake/internal/shiitake/client.go:204.38,205.21 1 0
github.com/understory-io/terraform-provider-shiitake/internal/shiitake/client.go:205.21,206.12 1 0
github.com/understory-io/terraform-provider-shiitake/internal/shiitake/client.go:208.3,208.44 1 0
github.com/understory-io/terraform-provider-shiitake/internal/shiitake/client.go:210.2,210.17 1 0
github.com/understory-io/terraform-provider-shiitake/internal/shiitake/client.go:216.39,217.16 1 1
github.com/understory-io/terraform-provider-shiitake/internal/shiitake/client.go:217.16,219.3 1 1
github.com/understory-io/terraform-provider-shiitake/internal/shiitake/client.go:220.2,220.41 1 0
github.com/understory-io/terraform-provider-shiitake/internal/shiitake/client.go:220.41,222.3 1 0
github.com/understory-io/terraform-provider-shiitake/internal/shiitake/client.go:223.2,223.38 1 0
